// Jest Snapshot v1, https://goo.gl/fbAQLP

exports[`<FortniteWeapons /> 1`] = `ShallowWrapper {}`;
