// Jest Snapshot v1, https://goo.gl/fbAQLP

exports[`<Weapon /> 1`] = `ShallowWrapper {}`;
